[INFO] Scanning for projects...
[INFO] 
[INFO] ------------------< com.nexusflow:nexusflow-backend >-------------------
[INFO] Building NexusFlow Backend 1.0.0
[INFO]   from pom.xml
[INFO] --------------------------------[ jar ]---------------------------------
[INFO] 
[INFO] --- resources:3.3.1:resources (default-resources) @ nexusflow-backend ---
[INFO] Copying 1 resource from src\main\resources to target\classes
[INFO] Copying 1 resource from src\main\resources to target\classes
[INFO] 
[INFO] --- compiler:3.11.0:compile (default-compile) @ nexusflow-backend ---
[INFO] Changes detected - recompiling the module! :source
[INFO] Compiling 64 source files with javac [debug release 17] to target\classes
[INFO] -------------------------------------------------------------
[ERROR] COMPILATION ERROR : 
[INFO] -------------------------------------------------------------
[ERROR] /D:/PCDP/Figma Frontend/backend/src/main/java/com/nexusflow/controller/AdminController.java:[81,91] cannot find symbol
  symbol:   class ProjectRequest
  location: class com.nexusflow.controller.AdminController
[INFO] 1 error
[INFO] -------------------------------------------------------------
[INFO] ------------------------------------------------------------------------
[INFO] BUILD FAILURE
[INFO] ------------------------------------------------------------------------
[INFO] Total time:  3.043 s
[INFO] Finished at: 2026-03-07T10:05:12+05:30
[INFO] ------------------------------------------------------------------------
[ERROR] Failed to execute goal org.apache.maven.plugins:maven-compiler-plugin:3.11.0:compile (default-compile) on project nexusflow-backend: Compilation failure
[ERROR] /D:/PCDP/Figma Frontend/backend/src/main/java/com/nexusflow/controller/AdminController.java:[81,91] cannot find symbol
[ERROR]   symbol:   class ProjectRequest
[ERROR]   location: class com.nexusflow.controller.AdminController
[ERROR] 
[ERROR] -> [Help 1]
[ERROR] 
[ERROR] To see the full stack trace of the errors, re-run Maven with the -e switch.
[ERROR] Re-run Maven using the -X switch to enable full debug logging.
[ERROR] 
[ERROR] For more information about the errors and possible solutions, please read the following articles:
[ERROR] [Help 1] http://cwiki.apache.org/confluence/display/MAVEN/MojoFailureException
